[2026-09-19T17:11:33.266Z] Status: 400 | Route: /api/v1/users | Message: Email already registered
[2026-09-19T17:12:08.092Z] Status: 401 | Route: /api/v1/cards | Message: 🔑 Access denied. Missing or malformed Authorization header.
[2026-09-19T17:12:15.141Z] Status: 401 | Route: /api/v1/cards/my-cards | Message: 🔑 Access denied. Missing or malformed Authorization header.
[2026-09-19T17:13:33.887Z] Status: 500 | Route: /api/v1/cards | Message: E11000 duplicate key error collection: biz_cards_dev.cards index: email_1 dup key: { email: "a.vance@techcorp.io" }
[2026-09-19T17:16:00.299Z] Status: 500 | Route: /api/v1/cards | Message: E11000 duplicate key error collection: biz_cards_dev.cards index: email_1 dup key: { email: "a.vance@techcorp.io" }
[2026-09-19T17:19:48.340Z] Status: 400 | Route: /api/v1/users | Message: Email already registered
[2026-09-19T17:19:59.053Z] Status: 401 | Route: /api/v1/users | Message: 🔑 Access denied. Missing or malformed Authorization header.
[2026-09-19T17:20:57.551Z] Status: 401 | Route: /api/v1/users | Message: 🔑 Access denied. Missing or malformed Authorization header.
[2026-09-19T17:21:18.277Z] Status: 404 | Route: /api/v1/users/6a706d450f5c5b2b73f5819a | Message: No such user found
[2026-09-19T17:23:43.097Z] Status: 404 | Route: /api/v1/cards/6a85e5ce89dd386697f6166a | Message: No such card found
[2026-09-19T17:23:46.176Z] Status: 500 | Route: /api/v1/cards/my-cards | Message: signature verification failed
[2026-09-19T17:26:40.012Z] Status: 400 | Route: /api/v1/cards | Message: Validation failed
[2026-09-19T17:27:47.222Z] Status: 400 | Route: /api/v1/cards | Message: Validation failed
[2026-09-19T17:27:48.550Z] Status: 400 | Route: /api/v1/cards | Message: Validation failed
[2026-09-19T17:27:49.237Z] Status: 400 | Route: /api/v1/cards | Message: Validation failed
[2026-09-19T17:28:52.683Z] Status: 400 | Route: /api/v1/cards | Message: Validation failed
[2026-09-19T17:36:56.916Z] Status: 400 | Route: /api/v1/cards | Message: Validation failed
[2026-09-19T17:37:27.959Z] Status: 400 | Route: /api/v1/cards | Message: Validation failed
[2026-09-19T17:37:28.817Z] Status: 400 | Route: /api/v1/cards | Message: Validation failed
[2026-09-19T17:37:41.578Z] Status: 404 | Route: /api/v1/cards/6a70758e0f5c5b2b73f581a5 | Message: No such card found
[2026-09-19T17:37:45.347Z] Status: 400 | Route: /api/v1/cards/6a70758e0f5c5b2b73f581a5 | Message: Validation failed
[2026-09-19T17:37:54.859Z] Status: 400 | Route: /api/v1/cards | Message: Validation failed
